[ir-fallback] file=01-direct-call.ts total=2 claimed=2 fallback=0 reasons=
01-direct-call.ts gc-host: ok=true bytes=183 ir=2/2 legacy=0
[ir-fallback] file=01-direct-call.ts total=2 claimed=2 fallback=0 reasons=
01-direct-call.ts gc-strict-no-host: ok=true bytes=22017 ir=2/2 legacy=0
[ir-fallback] file=01-direct-call.ts total=2 claimed=2 fallback=0 reasons=
01-direct-call.ts standalone: ok=true bytes=22632 ir=2/2 legacy=0
[ir-fallback] file=01-direct-call.ts total=2 claimed=2 fallback=0 reasons=
01-direct-call.ts wasi: ok=true bytes=22659 ir=2/2 legacy=0
[ir-fallback] file=02-indirect-call-var.ts total=3 claimed=2 fallback=1 reasons=body-shape-rejected=1
02-indirect-call-var.ts gc-host: ok=true bytes=9974 ir=2/3 legacy=1
[ir-fallback] file=02-indirect-call-var.ts total=3 claimed=2 fallback=1 reasons=body-shape-rejected=1
02-indirect-call-var.ts gc-strict-no-host: ok=true bytes=42469 ir=2/3 legacy=1
[ir-fallback] file=02-indirect-call-var.ts total=3 claimed=2 fallback=1 reasons=body-shape-rejected=1
02-indirect-call-var.ts standalone: ok=true bytes=60149 ir=2/3 legacy=1
[ir-fallback] file=02-indirect-call-var.ts total=3 claimed=2 fallback=1 reasons=body-shape-rejected=1
02-indirect-call-var.ts wasi: ok=true bytes=60016 ir=2/3 legacy=1
[ir-fallback] file=03-closure-mutable-local.ts total=1 claimed=0 fallback=1 reasons=body-shape-rejected=1
03-closure-mutable-local.ts gc-host: ok=true bytes=3282 ir=0/1 legacy=1
[ir-fallback] file=03-closure-mutable-local.ts total=1 claimed=0 fallback=1 reasons=body-shape-rejected=1
03-closure-mutable-local.ts gc-strict-no-host: ok=true bytes=33003 ir=0/1 legacy=1
[ir-fallback] file=03-closure-mutable-local.ts total=1 claimed=0 fallback=1 reasons=body-shape-rejected=1
03-closure-mutable-local.ts standalone: ok=true bytes=51773 ir=0/1 legacy=1
[ir-fallback] file=03-closure-mutable-local.ts total=1 claimed=0 fallback=1 reasons=body-shape-rejected=1
03-closure-mutable-local.ts wasi: ok=true bytes=51725 ir=0/1 legacy=1
[ir-fallback] file=04-closure-param.ts total=1 claimed=1 fallback=0 reasons=
04-closure-param.ts gc-host: ok=true bytes=2990 ir=1/1 legacy=0
[ir-fallback] file=04-closure-param.ts total=1 claimed=1 fallback=0 reasons=
04-closure-param.ts gc-strict-no-host: ok=true bytes=33007 ir=1/1 legacy=0
[ir-fallback] file=04-closure-param.ts total=1 claimed=1 fallback=0 reasons=
04-closure-param.ts standalone: ok=true bytes=33030 ir=1/1 legacy=0
[ir-fallback] file=04-closure-param.ts total=1 claimed=1 fallback=0 reasons=
04-closure-param.ts wasi: ok=true bytes=33057 ir=1/1 legacy=0
[ir-fallback] file=05-returned-closure.ts total=2 claimed=0 fallback=2 reasons=body-shape-rejected=1,call-graph-closure=1
05-returned-closure.ts gc-host: ok=true bytes=5942 ir=0/2 legacy=2
[ir-fallback] file=05-returned-closure.ts total=2 claimed=0 fallback=2 reasons=body-shape-rejected=1,call-graph-closure=1
05-returned-closure.ts gc-strict-no-host: ok=true bytes=36555 ir=0/2 legacy=2
[ir-fallback] file=05-returned-closure.ts total=2 claimed=0 fallback=2 reasons=body-shape-rejected=1,call-graph-closure=1
05-returned-closure.ts standalone: ok=true bytes=54660 ir=0/2 legacy=2
[ir-fallback] file=05-returned-closure.ts total=2 claimed=0 fallback=2 reasons=body-shape-rejected=1,call-graph-closure=1
05-returned-closure.ts wasi: ok=true bytes=54634 ir=0/2 legacy=2
[ir-fallback] file=06-bind.ts total=2 claimed=1 fallback=1 reasons=body-shape-rejected=1
06-bind.ts gc-host: ok=true bytes=3890 ir=0/2 legacy=2
[ir-fallback] file=06-bind.ts total=2 claimed=1 fallback=1 reasons=body-shape-rejected=1
06-bind.ts gc-strict-no-host: ok=true bytes=99725 ir=0/2 legacy=2
[ir-fallback] file=06-bind.ts total=2 claimed=1 fallback=1 reasons=body-shape-rejected=1
06-bind.ts standalone: ok=true bytes=132257 ir=0/2 legacy=2
[ir-fallback] file=06-bind.ts total=2 claimed=1 fallback=1 reasons=body-shape-rejected=1
06-bind.ts wasi: ok=true bytes=107031 ir=0/2 legacy=2
[ir-fallback] file=07-call-apply.ts total=2 claimed=1 fallback=1 reasons=function-invocation-method-unsupported=1
07-call-apply.ts gc-host: ok=true bytes=812 ir=0/2 legacy=2
[ir-fallback] file=07-call-apply.ts total=2 claimed=1 fallback=1 reasons=function-invocation-method-unsupported=1
07-call-apply.ts gc-strict-no-host: ok=true bytes=22433 ir=0/2 legacy=2
[ir-fallback] file=07-call-apply.ts total=2 claimed=1 fallback=1 reasons=function-invocation-method-unsupported=1
07-call-apply.ts standalone: ok=true bytes=22798 ir=0/2 legacy=2
[ir-fallback] file=07-call-apply.ts total=2 claimed=1 fallback=1 reasons=function-invocation-method-unsupported=1
07-call-apply.ts wasi: ok=true bytes=22825 ir=0/2 legacy=2
[ir-fallback] file=08-array-map-arrow.ts total=1 claimed=0 fallback=1 reasons=array-method-unsupported=1
08-array-map-arrow.ts gc-host: ok=true bytes=4333 ir=0/1 legacy=1
[ir-fallback] file=08-array-map-arrow.ts total=1 claimed=0 fallback=1 reasons=array-method-unsupported=1
08-array-map-arrow.ts gc-strict-no-host: ok=true bytes=35716 ir=0/1 legacy=1
[ir-fallback] file=08-array-map-arrow.ts total=1 claimed=0 fallback=1 reasons=array-method-unsupported=1
08-array-map-arrow.ts standalone: ok=true bytes=53572 ir=0/1 legacy=1
[ir-fallback] file=08-array-map-arrow.ts total=1 claimed=0 fallback=1 reasons=array-method-unsupported=1
08-array-map-arrow.ts wasi: ok=true bytes=53498 ir=0/1 legacy=1
[ir-fallback] file=09-host-callback-addEventListener.ts total=1 claimed=1 fallback=0 reasons=
09-host-callback-addEventListener.ts gc-host: ok=true bytes=908 ir=0/1 legacy=1
[ir-fallback] file=09-host-callback-addEventListener.ts total=1 claimed=0 fallback=1 reasons=body-shape-rejected=1
09-host-callback-addEventListener.ts gc-strict-no-host: ok=true bytes=93602 ir=0/1 legacy=1
[ir-fallback] file=09-host-callback-addEventListener.ts total=1 claimed=0 fallback=1 reasons=body-shape-rejected=1
09-host-callback-addEventListener.ts standalone: ok=true bytes=50422 ir=0/1 legacy=1
[ir-fallback] file=09-host-callback-addEventListener.ts total=1 claimed=0 fallback=1 reasons=body-shape-rejected=1
09-host-callback-addEventListener.ts wasi: ok=false bytes=0 ir=0/1 legacy=1
[ir-fallback] file=09b-host-callback-pinned-b2.ts total=1 claimed=1 fallback=0 reasons=
09b-host-callback-pinned-b2.ts gc-host: ok=true bytes=849 ir=0/1 legacy=1
[ir-fallback] file=09b-host-callback-pinned-b2.ts total=1 claimed=0 fallback=1 reasons=body-shape-rejected=1
09b-host-callback-pinned-b2.ts gc-strict-no-host: ok=true bytes=93617 ir=0/1 legacy=1
[ir-fallback] file=09b-host-callback-pinned-b2.ts total=1 claimed=0 fallback=1 reasons=body-shape-rejected=1
09b-host-callback-pinned-b2.ts standalone: ok=true bytes=33180 ir=0/1 legacy=1
[ir-fallback] file=09b-host-callback-pinned-b2.ts total=1 claimed=0 fallback=1 reasons=body-shape-rejected=1
09b-host-callback-pinned-b2.ts wasi: ok=false bytes=0 ir=0/1 legacy=1
[ir-fallback] file=10-new-plain-function.ts total=2 claimed=1 fallback=1 reasons=body-shape-rejected=1
10-new-plain-function.ts gc-host: ok=true bytes=6425 ir=0/2 legacy=2
[ir-fallback] file=10-new-plain-function.ts total=2 claimed=1 fallback=1 reasons=body-shape-rejected=1
10-new-plain-function.ts gc-strict-no-host: ok=true bytes=100730 ir=0/2 legacy=2
[ir-fallback] file=10-new-plain-function.ts total=2 claimed=1 fallback=1 reasons=body-shape-rejected=1
10-new-plain-function.ts standalone: ok=true bytes=131627 ir=0/2 legacy=2
[ir-fallback] file=10-new-plain-function.ts total=2 claimed=1 fallback=1 reasons=body-shape-rejected=1
10-new-plain-function.ts wasi: ok=true bytes=102595 ir=0/2 legacy=2
[ir-fallback] file=11-new-class.ts total=1 claimed=1 fallback=0 reasons=
11-new-class.ts gc-host: ok=true bytes=1100 ir=3/3 legacy=0
[ir-fallback] file=11-new-class.ts total=1 claimed=1 fallback=0 reasons=
11-new-class.ts gc-strict-no-host: ok=true bytes=22697 ir=3/3 legacy=0
[ir-fallback] file=11-new-class.ts total=1 claimed=1 fallback=0 reasons=
11-new-class.ts standalone: ok=true bytes=23044 ir=3/3 legacy=0
[ir-fallback] file=11-new-class.ts total=1 claimed=1 fallback=0 reasons=
11-new-class.ts wasi: ok=true bytes=23071 ir=3/3 legacy=0
[ir-fallback] file=12-higher-order.ts total=4 claimed=3 fallback=1 reasons=body-shape-rejected=1
12-higher-order.ts gc-host: ok=true bytes=12005 ir=2/4 legacy=2
[ir-fallback] file=12-higher-order.ts total=4 claimed=2 fallback=2 reasons=body-shape-rejected=1,call-graph-closure=1
12-higher-order.ts gc-strict-no-host: ok=true bytes=44173 ir=2/4 legacy=2
[ir-fallback] file=12-higher-order.ts total=4 claimed=2 fallback=2 reasons=body-shape-rejected=1,call-graph-closure=1
12-higher-order.ts standalone: ok=true bytes=61517 ir=2/4 legacy=2
[ir-fallback] file=12-higher-order.ts total=4 claimed=2 fallback=2 reasons=body-shape-rejected=1,call-graph-closure=1
12-higher-order.ts wasi: ok=true bytes=61330 ir=2/4 legacy=2
[ir-fallback] file=13-recursion-local-ref.ts total=1 claimed=0 fallback=1 reasons=call-resolution-unsupported=1
13-recursion-local-ref.ts gc-host: ok=true bytes=3288 ir=0/1 legacy=1
[ir-fallback] file=13-recursion-local-ref.ts total=1 claimed=0 fallback=1 reasons=call-resolution-unsupported=1
13-recursion-local-ref.ts gc-strict-no-host: ok=true bytes=33431 ir=0/1 legacy=1
[ir-fallback] file=13-recursion-local-ref.ts total=1 claimed=0 fallback=1 reasons=call-resolution-unsupported=1
13-recursion-local-ref.ts standalone: ok=true bytes=52211 ir=0/1 legacy=1
[ir-fallback] file=13-recursion-local-ref.ts total=1 claimed=0 fallback=1 reasons=call-resolution-unsupported=1
13-recursion-local-ref.ts wasi: ok=true bytes=52150 ir=0/1 legacy=1
wrote results.json + results.md
